#-----------------------------------------------------------
# Vivado v2022.1 (64-bit)
# SW Build 3526262 on Mon Apr 18 15:48:16 MDT 2022
# IP Build 3524634 on Mon Apr 18 20:55:01 MDT 2022
# Start of session at: Tue Apr  9 12:10:43 2024
# Process ID: 35392
# Current directory: C:/Users/norag/OneDrive/Desktop/University/2nd Year/2nd sem/CA/MIPS/MIPS
# Command line: vivado.exe -gui_launcher_event rodinguilauncherevent31652 C:\Users\norag\OneDrive\Desktop\University\2nd Year\2nd sem\CA\MIPS\MIPS\MIPS.xpr
# Log file: C:/Users/norag/OneDrive/Desktop/University/2nd Year/2nd sem/CA/MIPS/MIPS/vivado.log
# Journal file: C:/Users/norag/OneDrive/Desktop/University/2nd Year/2nd sem/CA/MIPS/MIPS\vivado.jou
# Running On: DESKTOP-SMARFO8, OS: Windows, CPU Frequency: 2611 MHz, CPU Physical cores: 10, Host memory: 16858 MB
#-----------------------------------------------------------
start_gui
open_project {C:/Users/norag/OneDrive/Desktop/University/2nd Year/2nd sem/CA/MIPS/MIPS/MIPS.xpr}
update_compile_order -fileset sources_1
close [ open {C:/Users/norag/OneDrive/Desktop/University/2nd Year/2nd sem/CA/MIPS/MIPS/MIPS.srcs/sources_1/new/executeUnit.vhd} w ]
add_files {{C:/Users/norag/OneDrive/Desktop/University/2nd Year/2nd sem/CA/MIPS/MIPS/MIPS.srcs/sources_1/new/executeUnit.vhd}}
update_compile_order -fileset sources_1
